// Jest Snapshot v1, https://goo.gl/fbAQLP

exports[`App Component should render correctly 1`] = `
<div>
  <div>
    <div
      class="hero light"
    >
      <div
        class="themeSelector"
      >
        <button>
          Light Theme
        </button>
        <button>
          Dark Theme
        </button>
      </div>
      <div
        class="container"
      >
        <div
          class="content"
        >
          <div
            style="position: relative;"
          >
            <div>
              <div
                class="searchContainer"
              >
                <input
                  placeholder="Search..."
                  type="text"
                  value=""
                />
                <button>
                  Search
                </button>
              </div>
              <div
                class="content"
              >
                <div
                  class="container"
                >
                  <button
                    class="item itemSelected"
                  >
                    <a
                      class="itemLink"
                      href="/people?page=1"
                    >
                      People
                    </a>
                  </button>
                  <button
                    class="item"
                  >
                    <a
                      class="itemLink"
                      href="/planets?page=1"
                    >
                      Planets
                    </a>
                  </button>
                  <button
                    class="item"
                  >
                    <a
                      class="itemLink"
                      href="/species?page=1"
                    >
                      Species
                    </a>
                  </button>
                  <button
                    class="item"
                  >
                    <a
                      class="itemLink"
                      href="/starships?page=1"
                    >
                      Starships
                    </a>
                  </button>
                  <button
                    class="item"
                  >
                    <a
                      class="itemLink"
                      href="/vehicles?page=1"
                    >
                      Vehicles
                    </a>
                  </button>
                </div>
                <div
                  class="container"
                >
                  <div>
                    <div
                      class="item"
                    >
                      <input
                        class="checkbox"
                        type="checkbox"
                      />
                      <a
                        class="link"
                        href="/people?page=1&details=1"
                      >
                        Luke MokWalker
                      </a>
                    </div>
                  </div>
                  <div>
                    <div
                      class="item"
                    >
                      <input
                        class="checkbox"
                        type="checkbox"
                      />
                      <a
                        class="link"
                        href="/people?page=1&details=2"
                      >
                        C-3PO
                      </a>
                    </div>
                  </div>
                  <div>
                    <div
                      class="item"
                    >
                      <input
                        class="checkbox"
                        type="checkbox"
                      />
                      <a
                        class="link"
                        href="/people?page=1&details=3"
                      >
                        R2-D2
                      </a>
                    </div>
                  </div>
                  <div>
                    <div
                      class="item"
                    >
                      <input
                        class="checkbox"
                        type="checkbox"
                      />
                      <a
                        class="link"
                        href="/people?page=1&details=4"
                      >
                        Darth Vader
                      </a>
                    </div>
                  </div>
                  <div>
                    <div
                      class="item"
                    >
                      <input
                        class="checkbox"
                        type="checkbox"
                      />
                      <a
                        class="link"
                        href="/people?page=1&details=5"
                      >
                        Leia Organa
                      </a>
                    </div>
                  </div>
                  <div>
                    <div
                      class="item"
                    >
                      <input
                        class="checkbox"
                        type="checkbox"
                      />
                      <a
                        class="link"
                        href="/people?page=1&details=6"
                      >
                        Owen Lars
                      </a>
                    </div>
                  </div>
                  <div>
                    <div
                      class="item"
                    >
                      <input
                        class="checkbox"
                        type="checkbox"
                      />
                      <a
                        class="link"
                        href="/people?page=1&details=7"
                      >
                        Beru Whitesun lars
                      </a>
                    </div>
                  </div>
                  <div>
                    <div
                      class="item"
                    >
                      <input
                        class="checkbox"
                        type="checkbox"
                      />
                      <a
                        class="link"
                        href="/people?page=1&details=8"
                      >
                        R5-D4
                      </a>
                    </div>
                  </div>
                  <div>
                    <div
                      class="item"
                    >
                      <input
                        class="checkbox"
                        type="checkbox"
                      />
                      <a
                        class="link"
                        href="/people?page=1&details=9"
                      >
                        Biggs Darklighter
                      </a>
                    </div>
                  </div>
                  <div>
                    <div
                      class="item"
                    >
                      <input
                        class="checkbox"
                        type="checkbox"
                      />
                      <a
                        class="link"
                        href="/people?page=1&details=10"
                      >
                        Obi-Wan Kenobi
                      </a>
                    </div>
                  </div>
                </div>
                <div
                  class="container"
                >
                  <div
                    class="itemContainer"
                  >
                    <button
                      class="item"
                      style="position: relative;"
                    >
                      <a
                        href="/people?page=1"
                        style="display: flex; color: rgb(255, 255, 255); text-decoration: none; position: absolute; margin: auto; top: 0px; left: 0px; right: 0px; bottom: 0px; align-items: center; justify-content: center;"
                      >
                        &lt;&lt;
                      </a>
                    </button>
                    <button
                      class="item"
                      style="position: relative;"
                    >
                      <a
                        href="/people?page=1"
                        style="display: flex; color: rgb(255, 255, 255); text-decoration: none; position: absolute; margin: auto; top: 0px; left: 0px; right: 0px; bottom: 0px; align-items: center; justify-content: center;"
                      >
                        &lt;
                      </a>
                    </button>
                    <button
                      class="item itemSelected"
                      style="position: relative;"
                    >
                      <a
                        href="/people?page=1"
                        style="display: flex; color: rgb(255, 255, 255); text-decoration: none; position: absolute; margin: auto; top: 0px; left: 0px; right: 0px; bottom: 0px; align-items: center; justify-content: center;"
                      >
                        1
                      </a>
                    </button>
                    <button
                      class="item"
                      style="position: relative;"
                    >
                      <a
                        href="/people?page=1"
                        style="display: flex; color: rgb(255, 255, 255); text-decoration: none; position: absolute; margin: auto; top: 0px; left: 0px; right: 0px; bottom: 0px; align-items: center; justify-content: center;"
                      >
                        &gt;
                      </a>
                    </button>
                    <button
                      class="item"
                      style="position: relative;"
                    >
                      <a
                        href="/people?page=1"
                        style="display: flex; color: rgb(255, 255, 255); text-decoration: none; position: absolute; margin: auto; top: 0px; left: 0px; right: 0px; bottom: 0px; align-items: center; justify-content: center;"
                      >
                        &gt;&gt;
                      </a>
                    </button>
                  </div>
                </div>
              </div>
            </div>
          </div>
        </div>
      </div>
    </div>
    <button
      class="error"
    >
      Throw Error
    </button>
  </div>
</div>
`;
