// Jest Snapshot v1, https://goo.gl/fbAQLP

exports[`Details Component Make sure the detailed card component correctly displays the detailed card data 1`] = `
<div>
  <div
    class="detailsContainer"
  >
    <a
      class="detailsLink"
      href="/?page=1"
    >
      X
    </a>
    <div>
      <h2>
        Details
      </h2>
      <div
        class="detailsContent"
      >
        <h4
          class="detailsKey"
        >
          name
          :
        </h4>
        <div
          class="detailsValue"
        >
          R2-D2
        </div>
      </div>
      <div
        class="detailsContent"
      >
        <h4
          class="detailsKey"
        >
          height
          :
        </h4>
        <div
          class="detailsValue"
        >
          96
        </div>
      </div>
      <div
        class="detailsContent"
      >
        <h4
          class="detailsKey"
        >
          mass
          :
        </h4>
        <div
          class="detailsValue"
        >
          32
        </div>
      </div>
      <div
        class="detailsContent"
      >
        <h4
          class="detailsKey"
        >
          hair_color
          :
        </h4>
        <div
          class="detailsValue"
        >
          n/a
        </div>
      </div>
      <div
        class="detailsContent"
      >
        <h4
          class="detailsKey"
        >
          skin_color
          :
        </h4>
        <div
          class="detailsValue"
        >
          white, blue
        </div>
      </div>
      <div
        class="detailsContent"
      >
        <h4
          class="detailsKey"
        >
          eye_color
          :
        </h4>
        <div
          class="detailsValue"
        >
          red
        </div>
      </div>
      <div
        class="detailsContent"
      >
        <h4
          class="detailsKey"
        >
          birth_year
          :
        </h4>
        <div
          class="detailsValue"
        >
          33BBY
        </div>
      </div>
      <div
        class="detailsContent"
      >
        <h4
          class="detailsKey"
        >
          gender
          :
        </h4>
        <div
          class="detailsValue"
        >
          n/a
        </div>
      </div>
      <div
        class="detailsContent"
      >
        <h4
          class="detailsKey"
        >
          homeworld
          :
        </h4>
        <div
          class="detailsValue"
        >
          https://swapi.dev/api/planets/8/
        </div>
      </div>
      <div
        class="detailsContent"
      >
        <h4
          class="detailsKey"
        >
          films
          :
        </h4>
        <div
          class="detailsValue"
        >
          https://swapi.dev/api/films/1/
          https://swapi.dev/api/films/2/
          https://swapi.dev/api/films/3/
          https://swapi.dev/api/films/4/
          https://swapi.dev/api/films/5/
          https://swapi.dev/api/films/6/
        </div>
      </div>
      <div
        class="detailsContent"
      >
        <h4
          class="detailsKey"
        >
          species
          :
        </h4>
        <div
          class="detailsValue"
        >
          https://swapi.dev/api/species/2/
        </div>
      </div>
      <div
        class="detailsContent"
      >
        <h4
          class="detailsKey"
        >
          vehicles
          :
        </h4>
        <div
          class="detailsValue"
        />
      </div>
      <div
        class="detailsContent"
      >
        <h4
          class="detailsKey"
        >
          starships
          :
        </h4>
        <div
          class="detailsValue"
        />
      </div>
      <div
        class="detailsContent"
      >
        <h4
          class="detailsKey"
        >
          created
          :
        </h4>
        <div
          class="detailsValue"
        >
          2014-12-10T15:11:50.376000Z
        </div>
      </div>
      <div
        class="detailsContent"
      >
        <h4
          class="detailsKey"
        >
          edited
          :
        </h4>
        <div
          class="detailsValue"
        >
          2014-12-20T21:17:50.311000Z
        </div>
      </div>
      <div
        class="detailsContent"
      >
        <h4
          class="detailsKey"
        >
          url
          :
        </h4>
        <div
          class="detailsValue"
        >
          https://swapi.dev/api/people/3/
        </div>
      </div>
    </div>
  </div>
</div>
`;
